--------------------------------------------------------------------------------------
Timing Analyzer Summary
--------------------------------------------------------------------------------------

Type           : Worst-case tsu
Slack          : N/A
Required Time  : None
Actual Time    : 6.830 ns
From           : mode[1]
To             : song_position[16]
From Clock     : --
To Clock       : Slow_clk
Failed Paths   : 0

Type           : Worst-case tco
Slack          : N/A
Required Time  : None
Actual Time    : 8.164 ns
From           : CountEn~reg0
To             : CountEn
From Clock     : Slow_clk
To Clock       : --
Failed Paths   : 0

Type           : Worst-case th
Slack          : N/A
Required Time  : None
Actual Time    : -0.277 ns
From           : RESETN
To             : ReadEn~reg0
From Clock     : --
To Clock       : Slow_clk
Failed Paths   : 0

Type           : Clock Setup: 'Slow_clk'
Slack          : N/A
Required Time  : None
Actual Time    : 149.19 MHz ( period = 6.703 ns )
From           : mem_counter[0]
To             : Key_out[7]~reg0
From Clock     : Slow_clk
To Clock       : Slow_clk
Failed Paths   : 0

Type           : Total number of failed paths
Slack          : 
Required Time  : 
Actual Time    : 
From           : 
To             : 
From Clock     : 
To Clock       : 
Failed Paths   : 0

--------------------------------------------------------------------------------------

